macbookpro@The-Book-of-OTG ~ % pod innpx cap sync ios
[!] Unknown command: `innpx`
Did you mean: init?

Usage:

    $ pod COMMAND

      CocoaPods, the Cocoa library package manager.

Commands:

    + cache         Manipulate the CocoaPods cache
    + deintegrate   Deintegrate CocoaPods from your project
    + env           Display pod environment
    + init          Generate a Podfile for the current directory
    + install       Install project dependencies according to versions from a
                    Podfile.lock
    + ipc           Inter-process communication
    + lib           Develop pods
    + list          List pods
    + outdated      Show outdated project dependencies
    + plugins       Show available CocoaPods plugins
    + repo          Manage spec-repositories
    + search        Search for pods
    + setup         Set up the CocoaPods environment
    + spec          Manage pod specs
    + trunk         Interact with the CocoaPods API (e.g. publishing new specs)
    + try           Try a Pod!
    + update        Update outdated project dependencies and create new
                    Podfile.lock

Options:

    --allow-root    Allows CocoaPods to run as root
    --silent        Show nothing
    --version       Show the version of the tool
    --verbose       Show more debugging information
    --no-ansi       Show output without ANSI codes
    --help          Show help banner of specified command
macbookpro@The-Book-of-OTG ~ % npx cap sync ios
npm error could not determine executable to run
npm error A complete log of this run can be found in: /Users/macbookpro/.npm/_logs/2025-09-04T10_04_01_148Z-debug-0.log
macbookpro@The-Book-of-OTG ~ % npm list @capacitor/cli
/Users/macbookpro
â””â”€â”€ (empty)

macbookpro@The-Book-of-OTG ~ % npm install --save-dev @capacitor/cli

added 108 packages in 3s

19 packages are looking for funding
  run `npm fund` for details
macbookpro@The-Book-of-OTG ~ % npm install

up to date, audited 109 packages in 483ms

19 packages are looking for funding
  run `npm fund` for details

found 0 vulnerabilities
macbookpro@The-Book-of-OTG ~ % npm install --save-dev @capacitor/cli

up to date, audited 109 packages in 498ms

19 packages are looking for funding
  run `npm fund` for details

found 0 vulnerabilities
macbookpro@The-Book-of-OTG ~ % cd ~/Documents/RudeReminders-main\ 3
cd: no such file or directory: /Users/macbookpro/Documents/RudeReminders-main 3
macbookpro@The-Book-of-OTG ~ % cd ~/Documents/RudeReminders-main\ 3
cd: no such file or directory: /Users/macbookpro/Documents/RudeReminders-main 3
macbookpro@The-Book-of-OTG ~ % npx cap sync ios
[error] ios platform has not been added yet.
        See the docs for adding the ios platform:
        https://capacitorjs.com/docs/ios#adding-the-ios-platform
macbookpro@The-Book-of-OTG ~ % cd ~/Documents
ls
# Find the exact folder name (it will be listed)
cd "RudeReminders-main 3"
Chapter 6		Chapter 9		RudeReminders-main 23
Chapter 7		RudeReminders
Chapter 8		RudeReminders-main 2
zsh: unknown file attribute: i
cd: no such file or directory: RudeReminders-main 3
macbookpro@The-Book-of-OTG Documents % cd ~/Documents
macbookpro@The-Book-of-OTG Documents % cd ~/Documents
ls
Chapter 6		Chapter 9		RudeReminders-main 2
Chapter 7		Rude-remindersapp-main	RudeReminders-main 23
Chapter 8		RudeReminders
macbookpro@The-Book-of-OTG Documents % npx cap remove ios
[error] Unknown command: remove
macbookpro@The-Book-of-OTG Documents % npx cap add ios
[error] The Capacitor CLI needs to run at the root of an npm package or in a
        valid NX monorepo.
        Make sure you have a package.json or project.json file in the directory
        where you run the Capacitor CLI.
        More info: https://docs.npmjs.com/cli/init
        Missing appId for new platform.
        Please add it in capacitor.config.json or run npx cap init.
        Could not find the ios platform.
        You must install it in your project first, e.g. w/ npm install
        @capacitor/ios
macbookpro@The-Book-of-OTG Documents % cd ~/Documents/rude-reminderapp-main
cd: no such file or directory: /Users/macbookpro/Documents/rude-reminderapp-main
macbookpro@The-Book-of-OTG Documents % cd ~/Documents/Rude-remindersapp-main
macbookpro@The-Book-of-OTG Rude-remindersapp-main % ls -la
total 1112
drwxrwxr-x@ 26 macbookpro  staff     832 Sep  4 04:51 .
drwx------+ 12 macbookpro  staff     384 Sep  4 04:51 ..
-rw-r--r--@  1 macbookpro  staff    6148 Sep  4 04:51 .DS_Store
-rw-rw-r--@  1 macbookpro  staff      67 Sep  4 04:02 .gitignore
-rw-rw-r--@  1 macbookpro  staff     706 Sep  4 04:02 .replit
-rw-rw-r--@  1 macbookpro  staff    2428 Sep  4 04:02 ADMOB_SETUP.md
drwxrwxr-x@ 12 macbookpro  staff     384 Sep  4 04:02 android
drwxrwxr-x@ 53 macbookpro  staff    1696 Sep  4 04:02 attached_assets
-rw-rw-r--@  1 macbookpro  staff     694 Sep  4 04:02 capacitor.config.json
-rw-rw-r--@  1 macbookpro  staff     780 Sep  4 04:02 capacitor.config.ts
drwxrwxr-x@  4 macbookpro  staff     128 Sep  4 04:02 client
-rw-rw-r--@  1 macbookpro  staff     459 Sep  4 04:02 components.json
-rw-rw-r--@  1 macbookpro  staff     325 Sep  4 04:02 drizzle.config.ts
-rw-rw-r--@  1 macbookpro  staff    1576 Sep  4 04:02 HOW_TO_ADD_PREMIUM_EMAILS.md
drwxrwxr-x@  5 macbookpro  staff     160 Sep  4 04:52 ios
-rw-rw-r--@  1 macbookpro  staff  485853 Sep  4 04:02 package-lock.json
-rw-rw-r--@  1 macbookpro  staff    4687 Sep  4 04:02 package.json
-rw-rw-r--@  1 macbookpro  staff      80 Sep  4 04:02 postcss.config.js
-rw-rw-r--@  1 macbookpro  staff    5039 Sep  4 04:02 README-MOBILE.md
-rw-rw-r--@  1 macbookpro  staff    4232 Sep  4 04:02 replit.md
drwxrwxr-x@  3 macbookpro  staff      96 Sep  4 04:02 scripts
drwxrwxr-x@ 10 macbookpro  staff     320 Sep  4 04:02 server
drwxrwxr-x@  3 macbookpro  staff      96 Sep  4 04:02 shared
-rw-rw-r--@  1 macbookpro  staff    2627 Sep  4 04:02 tailwind.config.ts
-rw-rw-r--@  1 macbookpro  staff     657 Sep  4 04:02 tsconfig.json
-rw-rw-r--@  1 macbookpro  staff     971 Sep  4 04:02 vite.config.ts
macbookpro@The-Book-of-OTG Rude-remindersapp-main % npm install
npm warn deprecated @esbuild-kit/esm-loader@2.6.5: Merged into tsx: https://tsx.is
npm warn deprecated @esbuild-kit/core-utils@3.3.2: Merged into tsx: https://tsx.is
npm warn deprecated node-domexception@1.0.0: Use your platform's native DOMException instead

added 816 packages, and audited 817 packages in 5s

95 packages are looking for funding
  run `npm fund` for details

11 vulnerabilities (3 low, 8 moderate)

To address issues that do not require attention, run:
  npm audit fix

To address all issues (including breaking changes), run:
  npm audit fix --force

Run `npm audit` for details.
macbookpro@The-Book-of-OTG Rude-remindersapp-main % npm install @capacitor/ios

changed 1 package, and audited 817 packages in 2s

95 packages are looking for funding
  run `npm fund` for details

11 vulnerabilities (3 low, 8 moderate)

To address issues that do not require attention, run:
  npm audit fix

To address all issues (including breaking changes), run:
  npm audit fix --force

Run `npm audit` for details.
macbookpro@The-Book-of-OTG Rude-remindersapp-main % npx cap sync ios
[error] Could not find the web assets directory: ./dist/public.
        Please create it and make sure it has an index.html file. You can change
        the path of this directory in capacitor.config.ts (webDir option). You
        may need to compile the web assets for your app (typically npm run
        build). More info:
        https://capacitorjs.com/docs/basics/workflow#sync-your-project
macbookpro@The-Book-of-OTG Rude-remindersapp-main % npm run build

> rest-express@1.0.0 build
> vite build && esbuild server/index.ts --platform=node --packages=external --bundle --format=esm --outdir=dist

vite v5.4.19 building for production...
transforming (3) src/main.tsxBrowserslist: browsers data (caniuse-lite) is 11 months old. Please run:
  npx update-browserslist-db@latest
  Why you should do it regularly: https://github.com/browserslist/update-db#readme
âœ“ 2110 modules transformed.
../dist/public/index.html                   0.63 kB â”‚ gzip:   0.38 kB
../dist/public/assets/index-C5yOHhdW.css   83.04 kB â”‚ gzip:  13.98 kB
../dist/public/assets/web-Cjv2aMQ6.js       1.26 kB â”‚ gzip:   0.43 kB
../dist/public/assets/index-VZBzp2Q0.js   711.52 kB â”‚ gzip: 205.08 kB

(!) Some chunks are larger than 500 kB after minification. Consider:
- Using dynamic import() to code-split the application
- Use build.rollupOptions.output.manualChunks to improve chunking: https://rollupjs.org/configuration-options/#output-manualchunks
- Adjust chunk size limit for this warning via build.chunkSizeWarningLimit.
âœ“ built in 1.72s

  dist/index.js  158.7kb

âš¡ Done in 7ms
macbookpro@The-Book-of-OTG Rude-remindersapp-main % npx cap sync ios
âœ” Copying web assets from public to ios/App/App/public in 3.51ms
âœ” Creating capacitor.config.json in ios/App/App in 380.71Î¼s
âœ” copy ios in 46.01ms
âœ” Updating iOS plugins in 6.76ms
âœ– Updating iOS native dependencies with pod install - failed!
âœ– update ios - failed!
[error] xcode-select: error: tool 'xcodebuild' requires Xcode, but active
        developer directory '/Library/Developer/CommandLineTools' is a command
        line tools instance
        
macbookpro@The-Book-of-OTG Rude-remindersapp-main % sudo xcode-select -s /Applications/Xcode.app/Contents/Developer
Password:
macbookpro@The-Book-of-OTG Rude-remindersapp-main % npx cap sync ios
âœ” Copying web assets from public to ios/App/App/public in 3.19ms
âœ” Creating capacitor.config.json in ios/App/App in 436.67Î¼s
âœ” copy ios in 46.72ms
âœ” Updating iOS plugins in 7.34ms
âœ” Updating iOS native dependencies with pod install in 1.85s
[info] Found 8 Capacitor plugins for ios:
       @capacitor-community/admob@7.0.3
       @capacitor/camera@7.0.2
       @capacitor/device@7.0.2
       @capacitor/filesystem@7.1.4
       @capacitor/local-notifications@7.0.2
       @capacitor/network@7.0.2
       @capacitor/splash-screen@7.0.2
       @capacitor/status-bar@7.0.2
âœ” update ios in 2.77s
[info] Sync finished in 3.029s

Thank you for helping improve Capacitor by sharing anonymous usage data! ðŸ’–
Information about the data we collect is available on our website: https://capacitorjs.com/docs/next/cli/telemetry
You can disable telemetry at any time by using the npx cap telemetry off commandmacbookpro@The-Book-of-OTG Rude-remindersapp-main % npx cap open ios
